2026-06-03 19:36:52 [error]: ReferenceError: googleAuthSchema is not defined
    at googleSignIn (file:///C:/Archive/Web/glimpse/api/src/controllers/auth.controller.js:12:18)
    at Layer.handleRequest (C:\Archive\Web\glimpse\api\node_modules\router\lib\layer.js:152:17)
    at next (C:\Archive\Web\glimpse\api\node_modules\router\lib\route.js:157:13)
    at Route.dispatch (C:\Archive\Web\glimpse\api\node_modules\router\lib\route.js:117:3)
    at handle (C:\Archive\Web\glimpse\api\node_modules\router\index.js:435:11)
    at Layer.handleRequest (C:\Archive\Web\glimpse\api\node_modules\router\lib\layer.js:152:17)
    at C:\Archive\Web\glimpse\api\node_modules\router\index.js:295:15
    at processParams (C:\Archive\Web\glimpse\api\node_modules\router\index.js:582:12)
    at next (C:\Archive\Web\glimpse\api\node_modules\router\index.js:291:5)
    at Function.handle (C:\Archive\Web\glimpse\api\node_modules\router\index.js:186:3)
2026-06-03 19:38:03 [error]: TypeError: googleAuthSchema.safeParse is not a function
    at googleSignIn (file:///C:/Archive/Web/glimpse/api/src/controllers/auth.controller.js:13:35)
    at Layer.handleRequest (C:\Archive\Web\glimpse\api\node_modules\router\lib\layer.js:152:17)
    at next (C:\Archive\Web\glimpse\api\node_modules\router\lib\route.js:157:13)
    at Route.dispatch (C:\Archive\Web\glimpse\api\node_modules\router\lib\route.js:117:3)
    at handle (C:\Archive\Web\glimpse\api\node_modules\router\index.js:435:11)
    at Layer.handleRequest (C:\Archive\Web\glimpse\api\node_modules\router\lib\layer.js:152:17)
    at C:\Archive\Web\glimpse\api\node_modules\router\index.js:295:15
    at processParams (C:\Archive\Web\glimpse\api\node_modules\router\index.js:582:12)
    at next (C:\Archive\Web\glimpse\api\node_modules\router\index.js:291:5)
    at Function.handle (C:\Archive\Web\glimpse\api\node_modules\router\index.js:186:3)
2026-06-03 19:51:15 [error]: registerUser profile error: 
Invalid `prisma.profile.create()` invocation:

{
  data: {
    id: "900babde-9e00-42d4-9e46-e2668583ea63",
+   full_name: String
  }
}

Argument `full_name` is missing.
2026-06-03 19:51:15 [error]: register controller error: 
Invalid `prisma.profile.create()` invocation:

{
  data: {
    id: "900babde-9e00-42d4-9e46-e2668583ea63",
+   full_name: String
  }
}

Argument `full_name` is missing.
2026-06-03 20:37:45 [error]: registerUser error: Invalid login: 535-5.7.8 Username and Password not accepted. For more information, go to
535 5.7.8  https://support.google.com/mail/?p=BadCredentials 00721157ae682-7ea23ea35e1sm22250187b3.43 - gsmtp
2026-06-03 20:37:45 [error]: register controller error: Invalid login: 535-5.7.8 Username and Password not accepted. For more information, go to
535 5.7.8  https://support.google.com/mail/?p=BadCredentials 00721157ae682-7ea23ea35e1sm22250187b3.43 - gsmtp
2026-06-03 20:38:22 [error]: registerUser error: Invalid login: 535-5.7.8 Username and Password not accepted. For more information, go to
535 5.7.8  https://support.google.com/mail/?p=BadCredentials 00721157ae682-7ea24098d1csm22422647b3.46 - gsmtp
2026-06-03 20:38:22 [error]: register controller error: Invalid login: 535-5.7.8 Username and Password not accepted. For more information, go to
535 5.7.8  https://support.google.com/mail/?p=BadCredentials 00721157ae682-7ea24098d1csm22422647b3.46 - gsmtp
2026-06-03 20:42:28 [error]: registerUser error: Invalid login: 535-5.7.8 Username and Password not accepted. For more information, go to
535 5.7.8  https://support.google.com/mail/?p=BadCredentials 00721157ae682-7ea23b91689sm21914857b3.40 - gsmtp
2026-06-03 20:42:28 [error]: register controller error: Invalid login: 535-5.7.8 Username and Password not accepted. For more information, go to
535 5.7.8  https://support.google.com/mail/?p=BadCredentials 00721157ae682-7ea23b91689sm21914857b3.40 - gsmtp
2026-06-03 20:46:01 [error]: registerUser error: Invalid login: 535-5.7.8 Username and Password not accepted. For more information, go to
535 5.7.8  https://support.google.com/mail/?p=BadCredentials 00721157ae682-7ea23ea35e1sm22374177b3.43 - gsmtp
2026-06-03 20:46:01 [error]: register controller error: Invalid login: 535-5.7.8 Username and Password not accepted. For more information, go to
535 5.7.8  https://support.google.com/mail/?p=BadCredentials 00721157ae682-7ea23ea35e1sm22374177b3.43 - gsmtp
2026-06-03 20:50:06 [error]: registerUser error: Invalid login: 535-5.7.8 Username and Password not accepted. For more information, go to
535 5.7.8  https://support.google.com/mail/?p=BadCredentials 00721157ae682-7ea21a621c3sm22230267b3.22 - gsmtp
2026-06-03 20:50:06 [error]: register controller error: Invalid login: 535-5.7.8 Username and Password not accepted. For more information, go to
535 5.7.8  https://support.google.com/mail/?p=BadCredentials 00721157ae682-7ea21a621c3sm22230267b3.22 - gsmtp
2026-06-03 20:53:16 [error]: registerUser error: Invalid login: 535-5.7.8 Username and Password not accepted. For more information, go to
535 5.7.8  https://support.google.com/mail/?p=BadCredentials 5b1f17b1804b1-490bc413adbsm14350035e9.15 - gsmtp
2026-06-03 20:53:16 [error]: register controller error: Invalid login: 535-5.7.8 Username and Password not accepted. For more information, go to
535 5.7.8  https://support.google.com/mail/?p=BadCredentials 5b1f17b1804b1-490bc413adbsm14350035e9.15 - gsmtp
2026-06-04 01:30:47 [error]: TypeError: Cannot destructure property 'full_name' of 'undefined' as it is undefined.
    at Module.updateProfile (file:///C:/Archive/Web/glimpse/api/src/services/user.service.js:46:5)
    at updateProfile (file:///C:/Archive/Web/glimpse/api/src/controllers/user.controller.js:12:37)
    at Layer.handleRequest (C:\Archive\Web\glimpse\api\node_modules\router\lib\layer.js:152:17)
    at next (C:\Archive\Web\glimpse\api\node_modules\router\lib\route.js:157:13)
    at requireAuth (file:///C:/Archive/Web/glimpse/api/src/middleware/auth.middleware.js:30:5)
    at process.processTicksAndRejections (node:internal/process/task_queues:95:5)
2026-06-04 20:22:34 [error]: getMe controller error: AuthService is not defined
2026-06-04 20:22:35 [error]: getMe controller error: AuthService is not defined
2026-06-05 09:48:18 [error]: register controller error: 
Invalid `prisma.profile.findUnique()` invocation:


Can't reach database server at `aws-0-eu-west-1.pooler.supabase.com:6543`

Please make sure your database server is running at `aws-0-eu-west-1.pooler.supabase.com:6543`.
2026-06-05 09:48:54 [error]: register controller error: 
Invalid `prisma.profile.findUnique()` invocation:


Can't reach database server at `aws-0-eu-west-1.pooler.supabase.com:6543`

Please make sure your database server is running at `aws-0-eu-west-1.pooler.supabase.com:6543`.
2026-06-05 09:49:07 [error]: forgotPassword controller error: User with this email not found
2026-06-11 15:44:07 [error]: loginUser error: fetch failed
2026-06-11 15:44:07 [error]: login controller error: fetch failed
2026-06-11 15:44:46 [error]: loginUser error: fetch failed
2026-06-11 15:44:46 [error]: login controller error: fetch failed
2026-06-11 15:51:58 [error]: loginUser error: fetch failed
2026-06-11 15:51:58 [error]: login controller error: fetch failed
2026-06-11 15:56:41 [error]: loginUser error: Invalid login credentials
2026-06-11 15:56:57 [error]: loginUser error: Invalid login credentials
2026-06-11 15:57:26 [error]: loginUser error: Invalid login credentials
2026-06-11 15:57:51 [error]: loginUser error: Invalid login credentials
2026-06-11 16:04:24 [error]: loginUser error: Invalid login credentials
2026-06-11 16:05:00 [error]: forgotPassword controller error: invalid_grant: Token has been expired or revoked.
2026-06-11 16:15:11 [error]: forgotPassword controller error: Invalid login: 535-5.7.8 Username and Password not accepted. For more information, go to
535 5.7.8  https://support.google.com/mail/?p=BadCredentials ffacd0b85a97d-4601f2ec711sm79078155f8f.12 - gsmtp
2026-06-11 16:18:04 [error]: loginUser error: Invalid login credentials
2026-06-11 16:18:37 [error]: register controller error: 
Invalid `prisma.profile.create()` invocation:

{
  data: {
    id: "9a556396-921c-4002-80b9-d88992a97348",
+   full_name: String
  }
}

Argument `full_name` is missing.
2026-06-11 16:23:20 [error]: register controller error: Invalid login: 535-5.7.8 Username and Password not accepted. For more information, go to
535 5.7.8  https://support.google.com/mail/?p=BadCredentials ffacd0b85a97d-4601f2ed944sm84405696f8f.13 - gsmtp
2026-06-11 16:26:45 [error]: forgotPassword controller error: Unexpected socket close
2026-06-11 16:27:16 [error]: register controller error: Unexpected socket close
2026-06-11 16:32:51 [error]: Nodemailer configuration invalid: Connection closed
2026-06-11 16:35:33 [error]: Nodemailer configuration invalid: Invalid login: 535-5.7.8 Username and Password not accepted. For more information, go to
535 5.7.8  https://support.google.com/mail/?p=BadCredentials 5b1f17b1804b1-490e2c907ddsm72832125e9.6 - gsmtp
2026-06-11 16:38:06 [error]: Nodemailer configuration invalid: Invalid login: 535-5.7.8 Username and Password not accepted. For more information, go to
535 5.7.8  https://support.google.com/mail/?p=BadCredentials ffacd0b85a97d-4601f2dc412sm84378721f8f.4 - gsmtp
2026-06-11 16:43:40 [error]: Nodemailer configuration invalid: Invalid login: 535-5.7.8 Username and Password not accepted. For more information, go to
535 5.7.8  https://support.google.com/mail/?p=BadCredentials 5b1f17b1804b1-490e52a553csm63911745e9.2 - gsmtp
2026-06-11 17:05:03 [error]: register controller error: connect ENETUNREACH 2a00:1450:4009:c0f::6c:465
2026-06-11 18:06:46 [error]: getCurrentUser auth error: invalid JWT: unable to parse or verify signature, token has invalid claims: token is expired
